// Jest Snapshot v1, https://goo.gl/fbAQLP

exports[`RecipeListDumb Snapshot 1`] = `
<div
  id="recipe-list-div"
>
  <ul>
    <li
      onClick={[Function]}
    >
      Grilled Cheese Sandwich
    </li>
  </ul>
</div>
`;
