// Jest Snapshot v1, https://goo.gl/fbAQLP

exports[`RecipeTitle Snapshot 1`] = `
<li
  onClick={[Function]}
>
  string
</li>
`;
